{
    "outputs hello file": {
        "content": [
            {
                "0": [
                    "hello.txt:md5,ffffffffffffffffffffffffffffffff"
                ]
            }
        ],
        "meta": {
            "nf-test": "0.9.3",
            "nextflow": "24.10.0"
        },
        "timestamp": "2024-01-01T00:00:00.000000"
    }
}
